Archive member included to satisfy reference by file (symbol)

c:/st/stm32cubeide_1.11.2/stm32cubeide/plugins/com.st.stm32cube.ide.mcu.externaltools.gnu-tools-for-stm32.10.3-2021.10.win32_1.0.200.202301161003/tools/bin/../lib/gcc/arm-none-eabi/10.3.1/../../../../arm-none-eabi/lib/thumb/v7-m/nofp\libc_nano.a(lib_a-exit.o)
                              c:/st/stm32cubeide_1.11.2/stm32cubeide/plugins/com.st.stm32cube.ide.mcu.externaltools.gnu-tools-for-stm32.10.3-2021.10.win32_1.0.200.202301161003/tools/bin/../lib/gcc/arm-none-eabi/10.3.1/../../../../arm-none-eabi/lib/thumb/v7-m/nofp/crt0.o (exit)
c:/st/stm32cubeide_1.11.2/stm32cubeide/plugins/com.st.stm32cube.ide.mcu.externaltools.gnu-tools-for-stm32.10.3-2021.10.win32_1.0.200.202301161003/tools/bin/../lib/gcc/arm-none-eabi/10.3.1/../../../../arm-none-eabi/lib/thumb/v7-m/nofp\libc_nano.a(lib_a-impure.o)
                              c:/st/stm32cubeide_1.11.2/stm32cubeide/plugins/com.st.stm32cube.ide.mcu.externaltools.gnu-tools-for-stm32.10.3-2021.10.win32_1.0.200.202301161003/tools/bin/../lib/gcc/arm-none-eabi/10.3.1/../../../../arm-none-eabi/lib/thumb/v7-m/nofp\libc_nano.a(lib_a-exit.o) (_global_impure_ptr)
c:/st/stm32cubeide_1.11.2/stm32cubeide/plugins/com.st.stm32cube.ide.mcu.externaltools.gnu-tools-for-stm32.10.3-2021.10.win32_1.0.200.202301161003/tools/bin/../lib/gcc/arm-none-eabi/10.3.1/../../../../arm-none-eabi/lib/thumb/v7-m/nofp\libc_nano.a(lib_a-init.o)
                              c:/st/stm32cubeide_1.11.2/stm32cubeide/plugins/com.st.stm32cube.ide.mcu.externaltools.gnu-tools-for-stm32.10.3-2021.10.win32_1.0.200.202301161003/tools/bin/../lib/gcc/arm-none-eabi/10.3.1/../../../../arm-none-eabi/lib/thumb/v7-m/nofp/crt0.o (__libc_init_array)
c:/st/stm32cubeide_1.11.2/stm32cubeide/plugins/com.st.stm32cube.ide.mcu.externaltools.gnu-tools-for-stm32.10.3-2021.10.win32_1.0.200.202301161003/tools/bin/../lib/gcc/arm-none-eabi/10.3.1/../../../../arm-none-eabi/lib/thumb/v7-m/nofp\libc_nano.a(lib_a-memset.o)
                              c:/st/stm32cubeide_1.11.2/stm32cubeide/plugins/com.st.stm32cube.ide.mcu.externaltools.gnu-tools-for-stm32.10.3-2021.10.win32_1.0.200.202301161003/tools/bin/../lib/gcc/arm-none-eabi/10.3.1/../../../../arm-none-eabi/lib/thumb/v7-m/nofp/crt0.o (memset)
c:/st/stm32cubeide_1.11.2/stm32cubeide/plugins/com.st.stm32cube.ide.mcu.externaltools.gnu-tools-for-stm32.10.3-2021.10.win32_1.0.200.202301161003/tools/bin/../lib/gcc/arm-none-eabi/10.3.1/../../../../arm-none-eabi/lib/thumb/v7-m/nofp\libnosys.a(_exit.o)
                              c:/st/stm32cubeide_1.11.2/stm32cubeide/plugins/com.st.stm32cube.ide.mcu.externaltools.gnu-tools-for-stm32.10.3-2021.10.win32_1.0.200.202301161003/tools/bin/../lib/gcc/arm-none-eabi/10.3.1/../../../../arm-none-eabi/lib/thumb/v7-m/nofp\libc_nano.a(lib_a-exit.o) (_exit)

Discarded input sections

 .text          0x0000000000000000        0x0 c:/st/stm32cubeide_1.11.2/stm32cubeide/plugins/com.st.stm32cube.ide.mcu.externaltools.gnu-tools-for-stm32.10.3-2021.10.win32_1.0.200.202301161003/tools/bin/../lib/gcc/arm-none-eabi/10.3.1/thumb/v7-m/nofp/crti.o
 .data          0x0000000000000000        0x0 c:/st/stm32cubeide_1.11.2/stm32cubeide/plugins/com.st.stm32cube.ide.mcu.externaltools.gnu-tools-for-stm32.10.3-2021.10.win32_1.0.200.202301161003/tools/bin/../lib/gcc/arm-none-eabi/10.3.1/thumb/v7-m/nofp/crti.o
 .bss           0x0000000000000000        0x0 c:/st/stm32cubeide_1.11.2/stm32cubeide/plugins/com.st.stm32cube.ide.mcu.externaltools.gnu-tools-for-stm32.10.3-2021.10.win32_1.0.200.202301161003/tools/bin/../lib/gcc/arm-none-eabi/10.3.1/thumb/v7-m/nofp/crti.o
 .data          0x0000000000000000        0x4 c:/st/stm32cubeide_1.11.2/stm32cubeide/plugins/com.st.stm32cube.ide.mcu.externaltools.gnu-tools-for-stm32.10.3-2021.10.win32_1.0.200.202301161003/tools/bin/../lib/gcc/arm-none-eabi/10.3.1/thumb/v7-m/nofp/crtbegin.o
 .rodata        0x0000000000000000       0x24 c:/st/stm32cubeide_1.11.2/stm32cubeide/plugins/com.st.stm32cube.ide.mcu.externaltools.gnu-tools-for-stm32.10.3-2021.10.win32_1.0.200.202301161003/tools/bin/../lib/gcc/arm-none-eabi/10.3.1/thumb/v7-m/nofp/crtbegin.o
 .text          0x0000000000000000       0x7c c:/st/stm32cubeide_1.11.2/stm32cubeide/plugins/com.st.stm32cube.ide.mcu.externaltools.gnu-tools-for-stm32.10.3-2021.10.win32_1.0.200.202301161003/tools/bin/../lib/gcc/arm-none-eabi/10.3.1/../../../../arm-none-eabi/lib/thumb/v7-m/nofp/crt0.o
 .data          0x0000000000000000        0x0 c:/st/stm32cubeide_1.11.2/stm32cubeide/plugins/com.st.stm32cube.ide.mcu.externaltools.gnu-tools-for-stm32.10.3-2021.10.win32_1.0.200.202301161003/tools/bin/../lib/gcc/arm-none-eabi/10.3.1/../../../../arm-none-eabi/lib/thumb/v7-m/nofp/crt0.o
 .bss           0x0000000000000000        0x0 c:/st/stm32cubeide_1.11.2/stm32cubeide/plugins/com.st.stm32cube.ide.mcu.externaltools.gnu-tools-for-stm32.10.3-2021.10.win32_1.0.200.202301161003/tools/bin/../lib/gcc/arm-none-eabi/10.3.1/../../../../arm-none-eabi/lib/thumb/v7-m/nofp/crt0.o
[...]
Memory Configuration

Name             Origin             Length             Attributes
RAM              0x0000000020000000 0x0000000000005000 xrw
FLASH            0x0000000008000000 0x0000000000010000 xr
*default*        0x0000000000000000 0xffffffffffffffff

Linker script and memory map

LOAD c:/st/stm32cubeide_1.11.2/stm32cubeide/plugins/com.st.stm32cube.ide.mcu.externaltools.gnu-tools-for-stm32.10.3-2021.10.win32_1.0.200.202301161003/tools/bin/../lib/gcc/arm-none-eabi/10.3.1/thumb/v7-m/nofp/crti.o
LOAD c:/st/stm32cubeide_1.11.2/stm32cubeide/plugins/com.st.stm32cube.ide.mcu.externaltools.gnu-tools-for-stm32.10.3-2021.10.win32_1.0.200.202301161003/tools/bin/../lib/gcc/arm-none-eabi/10.3.1/thumb/v7-m/nofp/crtbegin.o
LOAD c:/st/stm32cubeide_1.11.2/stm32cubeide/plugins/com.st.stm32cube.ide.mcu.externaltools.gnu-tools-for-stm32.10.3-2021.10.win32_1.0.200.202301161003/tools/bin/../lib/gcc/arm-none-eabi/10.3.1/../../../../arm-none-eabi/lib/thumb/v7-m/nofp/crt0.o
LOAD ./core/src/main.o
LOAD ./core/src/stm32f1xx_it.o
LOAD ./core/src/system_stm32f1xx.o
LOAD ./hal/stm32f1xx_hal_driver/src/stm32f1xx_hal.o
LOAD ./hal/stm32f1xx_hal_driver/src/stm32f1xx_hal_cortex.o
LOAD ./hal/stm32f1xx_hal_driver/src/stm32f1xx_hal_dma.o
LOAD ./hal/stm32f1xx_hal_driver/src/stm32f1xx_hal_exti.o
LOAD ./hal/stm32f1xx_hal_driver/src/stm32f1xx_hal_flash.o
LOAD ./hal/stm32f1xx_hal_driver/src/stm32f1xx_hal_flash_ex.o
LOAD ./hal/stm32f1xx_hal_driver/src/stm32f1xx_hal_gpio.o
LOAD ./hal/stm32f1xx_hal_driver/src/stm32f1xx_hal_gpio_ex.o
LOAD ./hal/stm32f1xx_hal_driver/src/stm32f1xx_hal_pwr.o
LOAD ./hal/stm32f1xx_hal_driver/src/stm32f1xx_hal_rcc.o
LOAD ./hal/stm32f1xx_hal_driver/src/stm32f1xx_hal_rcc_ex.o
LOAD ./hal/stm32f1xx_hal_driver/src/stm32f1xx_hal_tim.o
LOAD ./hal/stm32f1xx_hal_driver/src/stm32f1xx_hal_tim_ex.o
LOAD ./hal/stm32f1xx_hal_driver/src/stm32f1xx_hal_uart.o
LOAD ./hal/stm32f1xx_hal_driver/src/stm32f1xx_hal_usart.o
LOAD ./startup/startup_stm32f103xb.o
START GROUP
LOAD c:/st/stm32cubeide_1.11.2/stm32cubeide/plugins/com.st.stm32cube.ide.mcu.externaltools.gnu-tools-for-stm32.10.3-2021.10.win32_1.0.200.202301161003/tools/bin/../lib/gcc/arm-none-eabi/10.3.1/../../../../arm-none-eabi/lib/thumb/v7-m/nofp\libc_nano.a
LOAD c:/st/stm32cubeide_1.11.2/stm32cubeide/plugins/com.st.stm32cube.ide.mcu.externaltools.gnu-tools-for-stm32.10.3-2021.10.win32_1.0.200.202301161003/tools/bin/../lib/gcc/arm-none-eabi/10.3.1/../../../../arm-none-eabi/lib/thumb/v7-m/nofp\libm.a
END GROUP
START GROUP
LOAD c:/st/stm32cubeide_1.11.2/stm32cubeide/plugins/com.st.stm32cube.ide.mcu.externaltools.gnu-tools-for-stm32.10.3-2021.10.win32_1.0.200.202301161003/tools/bin/../lib/gcc/arm-none-eabi/10.3.1/thumb/v7-m/nofp\libgcc.a
LOAD c:/st/stm32cubeide_1.11.2/stm32cubeide/plugins/com.st.stm32cube.ide.mcu.externaltools.gnu-tools-for-stm32.10.3-2021.10.win32_1.0.200.202301161003/tools/bin/../lib/gcc/arm-none-eabi/10.3.1/../../../../arm-none-eabi/lib/thumb/v7-m/nofp\libc_nano.a
END GROUP
START GROUP
LOAD c:/st/stm32cubeide_1.11.2/stm32cubeide/plugins/com.st.stm32cube.ide.mcu.externaltools.gnu-tools-for-stm32.10.3-2021.10.win32_1.0.200.202301161003/tools/bin/../lib/gcc/arm-none-eabi/10.3.1/thumb/v7-m/nofp\libgcc.a
LOAD c:/st/stm32cubeide_1.11.2/stm32cubeide/plugins/com.st.stm32cube.ide.mcu.externaltools.gnu-tools-for-stm32.10.3-2021.10.win32_1.0.200.202301161003/tools/bin/../lib/gcc/arm-none-eabi/10.3.1/../../../../arm-none-eabi/lib/thumb/v7-m/nofp\libc_nano.a
LOAD c:/st/stm32cubeide_1.11.2/stm32cubeide/plugins/com.st.stm32cube.ide.mcu.externaltools.gnu-tools-for-stm32.10.3-2021.10.win32_1.0.200.202301161003/tools/bin/../lib/gcc/arm-none-eabi/10.3.1/../../../../arm-none-eabi/lib/thumb/v7-m/nofp\libnosys.a
END GROUP
START GROUP
LOAD c:/st/stm32cubeide_1.11.2/stm32cubeide/plugins/com.st.stm32cube.ide.mcu.externaltools.gnu-tools-for-stm32.10.3-2021.10.win32_1.0.200.202301161003/tools/bin/../lib/gcc/arm-none-eabi/10.3.1/thumb/v7-m/nofp\libgcc.a
LOAD c:/st/stm32cubeide_1.11.2/stm32cubeide/plugins/com.st.stm32cube.ide.mcu.externaltools.gnu-tools-for-stm32.10.3-2021.10.win32_1.0.200.202301161003/tools/bin/../lib/gcc/arm-none-eabi/10.3.1/../../../../arm-none-eabi/lib/thumb/v7-m/nofp\libc_nano.a
LOAD c:/st/stm32cubeide_1.11.2/stm32cubeide/plugins/com.st.stm32cube.ide.mcu.externaltools.gnu-tools-for-stm32.10.3-2021.10.win32_1.0.200.202301161003/tools/bin/../lib/gcc/arm-none-eabi/10.3.1/../../../../arm-none-eabi/lib/thumb/v7-m/nofp\libnosys.a
END GROUP
LOAD c:/st/stm32cubeide_1.11.2/stm32cubeide/plugins/com.st.stm32cube.ide.mcu.externaltools.gnu-tools-for-stm32.10.3-2021.10.win32_1.0.200.202301161003/tools/bin/../lib/gcc/arm-none-eabi/10.3.1/thumb/v7-m/nofp/crtend.o
LOAD c:/st/stm32cubeide_1.11.2/stm32cubeide/plugins/com.st.stm32cube.ide.mcu.externaltools.gnu-tools-for-stm32.10.3-2021.10.win32_1.0.200.202301161003/tools/bin/../lib/gcc/arm-none-eabi/10.3.1/thumb/v7-m/nofp/crtn.o
                0x0000000020005000                _estack = (ORIGIN (RAM) + LENGTH (RAM))
                0x0000000000000200                _Min_Heap_Size = 0x200
                0x0000000000000400                _Min_Stack_Size = 0x400

.isr_vector     0x0000000008000000      0x10c
                0x0000000008000000                . = ALIGN (0x4)
 *(.isr_vector)
 .isr_vector    0x0000000008000000      0x10c ./startup/startup_stm32f103xb.o
                0x0000000008000000                g_pfnVectors
                0x000000000800010c                . = ALIGN (0x4)

.text           0x000000000800010c      0x394
                0x000000000800010c                . = ALIGN (0x4)
 *(.text)
 .text          0x000000000800010c       0x40 c:/st/stm32cubeide_1.11.2/stm32cubeide/plugins/com.st.stm32cube.ide.mcu.externaltools.gnu-tools-for-stm32.10.3-2021.10.win32_1.0.200.202301161003/tools/bin/../lib/gcc/arm-none-eabi/10.3.1/thumb/v7-m/nofp/crtbegin.o
 *(.text*)
 .text.main     0x000000000800014c        0xa ./core/src/main.o
                0x000000000800014c                main
 .text.SysTick_Handler
                0x0000000008000156        0xc ./core/src/stm32f1xx_it.o
                0x0000000008000156                SysTick_Handler
 .text.SystemInit
                0x0000000008000162        0xc ./core/src/system_stm32f1xx.o
                0x0000000008000162                SystemInit
 *fill*         0x000000000800016e        0x2 
 .text.HAL_Init
                0x0000000008000170       0x2c ./hal/stm32f1xx_hal_driver/src/stm32f1xx_hal.o
                0x0000000008000170                HAL_Init
 .text.HAL_MspInit
                0x000000000800019c        0xc ./hal/stm32f1xx_hal_driver/src/stm32f1xx_hal.o
                0x000000000800019c                HAL_MspInit
 .text.HAL_InitTick
                0x00000000080001a8       0x60 ./hal/stm32f1xx_hal_driver/src/stm32f1xx_hal.o
                0x00000000080001a8                HAL_InitTick
 .text.HAL_IncTick
                0x0000000008000208       0x24 ./hal/stm32f1xx_hal_driver/src/stm32f1xx_hal.o
                0x0000000008000208                HAL_IncTick
 .text.__NVIC_SetPriorityGrouping
                0x000000000800022c       0x48 ./hal/stm32f1xx_hal_driver/src/stm32f1xx_hal_cortex.o
 .text.__NVIC_GetPriorityGrouping
                0x0000000008000274       0x1c ./hal/stm32f1xx_hal_driver/src/stm32f1xx_hal_cortex.o
 .text.__NVIC_SetPriority
                0x0000000008000290       0x54 ./hal/stm32f1xx_hal_driver/src/stm32f1xx_hal_cortex.o
 .text.NVIC_EncodePriority
                0x00000000080002e4       0x64 ./hal/stm32f1xx_hal_driver/src/stm32f1xx_hal_cortex.o
 .text.SysTick_Config
                0x0000000008000348       0x44 ./hal/stm32f1xx_hal_driver/src/stm32f1xx_hal_cortex.o
 .text.HAL_NVIC_SetPriorityGrouping
                0x000000000800038c       0x16 ./hal/stm32f1xx_hal_driver/src/stm32f1xx_hal_cortex.o
                0x000000000800038c                HAL_NVIC_SetPriorityGrouping
 .text.HAL_NVIC_SetPriority
                0x00000000080003a2       0x38 ./hal/stm32f1xx_hal_driver/src/stm32f1xx_hal_cortex.o
                0x00000000080003a2                HAL_NVIC_SetPriority
 .text.HAL_SYSTICK_Config
                0x00000000080003da       0x18 ./hal/stm32f1xx_hal_driver/src/stm32f1xx_hal_cortex.o
                0x00000000080003da                HAL_SYSTICK_Config
 *fill*         0x00000000080003f2        0x2 
 .text.Reset_Handler
                0x00000000080003f4       0x48 ./startup/startup_stm32f103xb.o
                0x00000000080003f4                Reset_Handler
 .text.Default_Handler
                0x000000000800043c        0x2 ./startup/startup_stm32f103xb.o
                0x000000000800043c                RTC_Alarm_IRQHandler
                0x000000000800043c                EXTI2_IRQHandler
                0x000000000800043c                DebugMon_Handler
                0x000000000800043c                TIM1_CC_IRQHandler
                0x000000000800043c                HardFault_Handler
                0x000000000800043c                PVD_IRQHandler
                0x000000000800043c                PendSV_Handler
                0x000000000800043c                NMI_Handler
                0x000000000800043c                EXTI3_IRQHandler
                0x000000000800043c                EXTI0_IRQHandler
                0x000000000800043c                I2C2_EV_IRQHandler
                0x000000000800043c                UsageFault_Handler
                0x000000000800043c                ADC1_2_IRQHandler
                0x000000000800043c                SPI1_IRQHandler
                0x000000000800043c                TAMPER_IRQHandler
                0x000000000800043c                DMA1_Channel4_IRQHandler
                0x000000000800043c                USART3_IRQHandler
                0x000000000800043c                RTC_IRQHandler
                0x000000000800043c                DMA1_Channel7_IRQHandler
                0x000000000800043c                CAN1_RX1_IRQHandler
                0x000000000800043c                TIM4_IRQHandler
                0x000000000800043c                I2C1_EV_IRQHandler
                0x000000000800043c                DMA1_Channel6_IRQHandler
                0x000000000800043c                TIM3_IRQHandler
                0x000000000800043c                RCC_IRQHandler
                0x000000000800043c                TIM1_TRG_COM_IRQHandler
                0x000000000800043c                DMA1_Channel1_IRQHandler
                0x000000000800043c                Default_Handler
                0x000000000800043c                EXTI15_10_IRQHandler
                0x000000000800043c                EXTI9_5_IRQHandler
                0x000000000800043c                SPI2_IRQHandler
                0x000000000800043c                MemManage_Handler
                0x000000000800043c                SVC_Handler
                0x000000000800043c                DMA1_Channel5_IRQHandler
                0x000000000800043c                EXTI4_IRQHandler
                0x000000000800043c                USB_LP_CAN1_RX0_IRQHandler
                0x000000000800043c                USB_HP_CAN1_TX_IRQHandler
                0x000000000800043c                DMA1_Channel3_IRQHandler
                0x000000000800043c                TIM1_UP_IRQHandler
                0x000000000800043c                WWDG_IRQHandler
                0x000000000800043c                TIM2_IRQHandler
                0x000000000800043c                TIM1_BRK_IRQHandler
                0x000000000800043c                EXTI1_IRQHandler
                0x000000000800043c                USART2_IRQHandler
                0x000000000800043c                I2C2_ER_IRQHandler
                0x000000000800043c                DMA1_Channel2_IRQHandler
                0x000000000800043c                CAN1_SCE_IRQHandler
                0x000000000800043c                FLASH_IRQHandler
                0x000000000800043c                BusFault_Handler
                0x000000000800043c                USART1_IRQHandler
                0x000000000800043c                I2C1_ER_IRQHandler
                0x000000000800043c                USBWakeUp_IRQHandler
 *fill*         0x000000000800043e        0x2 
 .text.__libc_init_array
                0x0000000008000440       0x48 c:/st/stm32cubeide_1.11.2/stm32cubeide/plugins/com.st.stm32cube.ide.mcu.externaltools.gnu-tools-for-stm32.10.3-2021.10.win32_1.0.200.202301161003/tools/bin/../lib/gcc/arm-none-eabi/10.3.1/../../../../arm-none-eabi/lib/thumb/v7-m/nofp\libc_nano.a(lib_a-init.o)
                0x0000000008000440                __libc_init_array
 *(.glue_7)
 .glue_7        0x0000000008000488        0x0 linker stubs
 *(.glue_7t)
 .glue_7t       0x0000000008000488        0x0 linker stubs
 *(.eh_frame)
 .eh_frame      0x0000000008000488        0x0 c:/st/stm32cubeide_1.11.2/stm32cubeide/plugins/com.st.stm32cube.ide.mcu.externaltools.gnu-tools-for-stm32.10.3-2021.10.win32_1.0.200.202301161003/tools/bin/../lib/gcc/arm-none-eabi/10.3.1/thumb/v7-m/nofp/crtbegin.o
 *(.init)
 .init          0x0000000008000488        0x4 c:/st/stm32cubeide_1.11.2/stm32cubeide/plugins/com.st.stm32cube.ide.mcu.externaltools.gnu-tools-for-stm32.10.3-2021.10.win32_1.0.200.202301161003/tools/bin/../lib/gcc/arm-none-eabi/10.3.1/thumb/v7-m/nofp/crti.o
                0x0000000008000488                _init
 .init          0x000000000800048c        0x8 c:/st/stm32cubeide_1.11.2/stm32cubeide/plugins/com.st.stm32cube.ide.mcu.externaltools.gnu-tools-for-stm32.10.3-2021.10.win32_1.0.200.202301161003/tools/bin/../lib/gcc/arm-none-eabi/10.3.1/thumb/v7-m/nofp/crtn.o
 *(.fini)
 .fini          0x0000000008000494        0x4 c:/st/stm32cubeide_1.11.2/stm32cubeide/plugins/com.st.stm32cube.ide.mcu.externaltools.gnu-tools-for-stm32.10.3-2021.10.win32_1.0.200.202301161003/tools/bin/../lib/gcc/arm-none-eabi/10.3.1/thumb/v7-m/nofp/crti.o
                0x0000000008000494                _fini
 .fini          0x0000000008000498        0x8 c:/st/stm32cubeide_1.11.2/stm32cubeide/plugins/com.st.stm32cube.ide.mcu.externaltools.gnu-tools-for-stm32.10.3-2021.10.win32_1.0.200.202301161003/tools/bin/../lib/gcc/arm-none-eabi/10.3.1/thumb/v7-m/nofp/crtn.o
                0x00000000080004a0                . = ALIGN (0x4)
                0x00000000080004a0                _etext = .

.vfp11_veneer   0x00000000080004a0        0x0
 .vfp11_veneer  0x00000000080004a0        0x0 linker stubs

.v4_bx          0x00000000080004a0        0x0
 .v4_bx         0x00000000080004a0        0x0 linker stubs

.iplt           0x00000000080004a0        0x0
 .iplt          0x00000000080004a0        0x0 c:/st/stm32cubeide_1.11.2/stm32cubeide/plugins/com.st.stm32cube.ide.mcu.externaltools.gnu-tools-for-stm32.10.3-2021.10.win32_1.0.200.202301161003/tools/bin/../lib/gcc/arm-none-eabi/10.3.1/thumb/v7-m/nofp/crtbegin.o

.rel.dyn        0x00000000080004a0        0x0
 .rel.iplt      0x00000000080004a0        0x0 c:/st/stm32cubeide_1.11.2/stm32cubeide/plugins/com.st.stm32cube.ide.mcu.externaltools.gnu-tools-for-stm32.10.3-2021.10.win32_1.0.200.202301161003/tools/bin/../lib/gcc/arm-none-eabi/10.3.1/thumb/v7-m/nofp/crtbegin.o

.rodata         0x00000000080004a0        0x0
                0x00000000080004a0                . = ALIGN (0x4)
 *(.rodata)
 *(.rodata*)
                0x00000000080004a0                . = ALIGN (0x4)

.ARM.extab      0x00000000080004a0        0x0
                0x00000000080004a0                . = ALIGN (0x4)
 *(.ARM.extab* .gnu.linkonce.armextab.*)
                0x00000000080004a0                . = ALIGN (0x4)

.ARM            0x00000000080004a0        0x0
                0x00000000080004a0                . = ALIGN (0x4)
                0x00000000080004a0                __exidx_start = .
 *(.ARM.exidx*)
                0x00000000080004a0                __exidx_end = .
                0x00000000080004a0                . = ALIGN (0x4)

.preinit_array  0x00000000080004a0        0x0
                0x00000000080004a0                . = ALIGN (0x4)
                0x00000000080004a0                PROVIDE (__preinit_array_start = .)
 *(.preinit_array*)
                0x00000000080004a0                PROVIDE (__preinit_array_end = .)
                0x00000000080004a0                . = ALIGN (0x4)

.init_array     0x00000000080004a0        0x4
                0x00000000080004a0                . = ALIGN (0x4)
                0x00000000080004a0                PROVIDE (__init_array_start = .)
 *(SORT_BY_NAME(.init_array.*))
 *(.init_array*)
 .init_array    0x00000000080004a0        0x4 c:/st/stm32cubeide_1.11.2/stm32cubeide/plugins/com.st.stm32cube.ide.mcu.externaltools.gnu-tools-for-stm32.10.3-2021.10.win32_1.0.200.202301161003/tools/bin/../lib/gcc/arm-none-eabi/10.3.1/thumb/v7-m/nofp/crtbegin.o
                0x00000000080004a4                PROVIDE (__init_array_end = .)
                0x00000000080004a4                . = ALIGN (0x4)

.fini_array     0x00000000080004a4        0x4
                0x00000000080004a4                . = ALIGN (0x4)
                [!provide]                        PROVIDE (__fini_array_start = .)
 *(SORT_BY_NAME(.fini_array.*))
 *(.fini_array*)
 .fini_array    0x00000000080004a4        0x4 c:/st/stm32cubeide_1.11.2/stm32cubeide/plugins/com.st.stm32cube.ide.mcu.externaltools.gnu-tools-for-stm32.10.3-2021.10.win32_1.0.200.202301161003/tools/bin/../lib/gcc/arm-none-eabi/10.3.1/thumb/v7-m/nofp/crtbegin.o
                [!provide]                        PROVIDE (__fini_array_end = .)
                0x00000000080004a8                . = ALIGN (0x4)
                0x00000000080004a8                _sidata = LOADADDR (.data)

.data           0x0000000020000000        0xc load address 0x00000000080004a8
                0x0000000020000000                . = ALIGN (0x4)
                0x0000000020000000                _sdata = .
 *(.data)
 *(.data*)
 .data.SystemCoreClock
                0x0000000020000000        0x4 ./core/src/system_stm32f1xx.o
                0x0000000020000000                SystemCoreClock
 .data.uwTickPrio
                0x0000000020000004        0x4 ./hal/stm32f1xx_hal_driver/src/stm32f1xx_hal.o
                0x0000000020000004                uwTickPrio
 .data.uwTickFreq
                0x0000000020000008        0x1 ./hal/stm32f1xx_hal_driver/src/stm32f1xx_hal.o
                0x0000000020000008                uwTickFreq
 *(.RamFunc)
 *(.RamFunc*)
                0x000000002000000c                . = ALIGN (0x4)
 *fill*         0x0000000020000009        0x3 
                0x000000002000000c                _edata = .

.igot.plt       0x000000002000000c        0x0 load address 0x00000000080004b4
 .igot.plt      0x000000002000000c        0x0 c:/st/stm32cubeide_1.11.2/stm32cubeide/plugins/com.st.stm32cube.ide.mcu.externaltools.gnu-tools-for-stm32.10.3-2021.10.win32_1.0.200.202301161003/tools/bin/../lib/gcc/arm-none-eabi/10.3.1/thumb/v7-m/nofp/crtbegin.o
                0x000000002000000c                . = ALIGN (0x4)

.bss            0x000000002000000c       0x20 load address 0x00000000080004b4
                0x000000002000000c                _sbss = .
                0x000000002000000c                __bss_start__ = _sbss
 *(.bss)
 .bss           0x000000002000000c       0x1c c:/st/stm32cubeide_1.11.2/stm32cubeide/plugins/com.st.stm32cube.ide.mcu.externaltools.gnu-tools-for-stm32.10.3-2021.10.win32_1.0.200.202301161003/tools/bin/../lib/gcc/arm-none-eabi/10.3.1/thumb/v7-m/nofp/crtbegin.o
 *(.bss*)
 .bss.uwTick    0x0000000020000028        0x4 ./hal/stm32f1xx_hal_driver/src/stm32f1xx_hal.o
                0x0000000020000028                uwTick
 *(COMMON)
                0x000000002000002c                . = ALIGN (0x4)
                0x000000002000002c                _ebss = .
                0x000000002000002c                __bss_end__ = _ebss

._user_heap_stack
                0x000000002000002c      0x604 load address 0x00000000080004b4
                0x0000000020000030                . = ALIGN (0x8)
 *fill*         0x000000002000002c        0x4 
                [!provide]                        PROVIDE (end = .)
                [!provide]                        PROVIDE (_end = .)
                0x0000000020000230                . = (. + _Min_Heap_Size)
 *fill*         0x0000000020000030      0x200 
                0x0000000020000630                . = (. + _Min_Stack_Size)
 *fill*         0x0000000020000230      0x400 
                0x0000000020000630                . = ALIGN (0x8)

/DISCARD/
 libc.a(*)
 libm.a(*)
 libgcc.a(*)

.ARM.attributes
                0x0000000000000000       0x29
 *(.ARM.attributes)
 .ARM.attributes
                0x0000000000000000       0x1d c:/st/stm32cubeide_1.11.2/stm32cubeide/plugins/com.st.stm32cube.ide.mcu.externaltools.gnu-tools-for-stm32.10.3-2021.10.win32_1.0.200.202301161003/tools/bin/../lib/gcc/arm-none-eabi/10.3.1/thumb/v7-m/nofp/crti.o
 .ARM.attributes
                0x000000000000001d       0x2d c:/st/stm32cubeide_1.11.2/stm32cubeide/plugins/com.st.stm32cube.ide.mcu.externaltools.gnu-tools-for-stm32.10.3-2021.10.win32_1.0.200.202301161003/tools/bin/../lib/gcc/arm-none-eabi/10.3.1/thumb/v7-m/nofp/crtbegin.o
 .ARM.attributes
                0x000000000000004a       0x2d ./core/src/main.o
 .ARM.attributes
                0x0000000000000077       0x2d ./core/src/stm32f1xx_it.o
 .ARM.attributes
                0x00000000000000a4       0x2d ./core/src/system_stm32f1xx.o
 .ARM.attributes
                0x00000000000000d1       0x2d ./hal/stm32f1xx_hal_driver/src/stm32f1xx_hal.o
 .ARM.attributes
                0x00000000000000fe       0x2d ./hal/stm32f1xx_hal_driver/src/stm32f1xx_hal_cortex.o
 .ARM.attributes
                0x000000000000012b       0x21 ./startup/startup_stm32f103xb.o
 .ARM.attributes
                0x000000000000014c       0x2d c:/st/stm32cubeide_1.11.2/stm32cubeide/plugins/com.st.stm32cube.ide.mcu.externaltools.gnu-tools-for-stm32.10.3-2021.10.win32_1.0.200.202301161003/tools/bin/../lib/gcc/arm-none-eabi/10.3.1/../../../../arm-none-eabi/lib/thumb/v7-m/nofp\libc_nano.a(lib_a-init.o)
 .ARM.attributes
                0x0000000000000179       0x1d c:/st/stm32cubeide_1.11.2/stm32cubeide/plugins/com.st.stm32cube.ide.mcu.externaltools.gnu-tools-for-stm32.10.3-2021.10.win32_1.0.200.202301161003/tools/bin/../lib/gcc/arm-none-eabi/10.3.1/thumb/v7-m/nofp/crtn.o
OUTPUT(stm32f103c8t6_hal.elf elf32-littlearm)
LOAD linker stubs
LOAD c:/st/stm32cubeide_1.11.2/stm32cubeide/plugins/com.st.stm32cube.ide.mcu.externaltools.gnu-tools-for-stm32.10.3-2021.10.win32_1.0.200.202301161003/tools/bin/../lib/gcc/arm-none-eabi/10.3.1/../../../../arm-none-eabi/lib/thumb/v7-m/nofp\libc.a
LOAD c:/st/stm32cubeide_1.11.2/stm32cubeide/plugins/com.st.stm32cube.ide.mcu.externaltools.gnu-tools-for-stm32.10.3-2021.10.win32_1.0.200.202301161003/tools/bin/../lib/gcc/arm-none-eabi/10.3.1/../../../../arm-none-eabi/lib/thumb/v7-m/nofp\libm.a
LOAD c:/st/stm32cubeide_1.11.2/stm32cubeide/plugins/com.st.stm32cube.ide.mcu.externaltools.gnu-tools-for-stm32.10.3-2021.10.win32_1.0.200.202301161003/tools/bin/../lib/gcc/arm-none-eabi/10.3.1/thumb/v7-m/nofp\libgcc.a

.debug_info     0x0000000000000000     0x1612
 .debug_info    0x0000000000000000       0xcd ./core/src/main.o
 .debug_info    0x00000000000000cd       0x92 ./core/src/stm32f1xx_it.o
 .debug_info    0x000000000000015f      0x23d ./core/src/system_stm32f1xx.o
 .debug_info    0x000000000000039c      0x734 ./hal/stm32f1xx_hal_driver/src/stm32f1xx_hal.o
 .debug_info    0x0000000000000ad0      0xb20 ./hal/stm32f1xx_hal_driver/src/stm32f1xx_hal_cortex.o
 .debug_info    0x00000000000015f0       0x22 ./startup/startup_stm32f103xb.o

.debug_abbrev   0x0000000000000000      0x718
 .debug_abbrev  0x0000000000000000       0x89 ./core/src/main.o
 .debug_abbrev  0x0000000000000089       0x5a ./core/src/stm32f1xx_it.o
 .debug_abbrev  0x00000000000000e3      0x13b ./core/src/system_stm32f1xx.o
 .debug_abbrev  0x000000000000021e      0x1fb ./hal/stm32f1xx_hal_driver/src/stm32f1xx_hal.o
 .debug_abbrev  0x0000000000000419      0x2ed ./hal/stm32f1xx_hal_driver/src/stm32f1xx_hal_cortex.o
 .debug_abbrev  0x0000000000000706       0x12 ./startup/startup_stm32f103xb.o

.debug_aranges  0x0000000000000000      0x270
 .debug_aranges
                0x0000000000000000       0x20 ./core/src/main.o
 .debug_aranges
                0x0000000000000020       0x20 ./core/src/stm32f1xx_it.o
 .debug_aranges
                0x0000000000000040       0x28 ./core/src/system_stm32f1xx.o
 .debug_aranges
                0x0000000000000068       0xe0 ./hal/stm32f1xx_hal_driver/src/stm32f1xx_hal.o
 .debug_aranges
                0x0000000000000148      0x100 ./hal/stm32f1xx_hal_driver/src/stm32f1xx_hal_cortex.o
 .debug_aranges
                0x0000000000000248       0x28 ./startup/startup_stm32f103xb.o

.debug_ranges   0x0000000000000000      0x218
 .debug_ranges  0x0000000000000000       0x10 ./core/src/main.o
 .debug_ranges  0x0000000000000010       0x10 ./core/src/stm32f1xx_it.o
 .debug_ranges  0x0000000000000020       0x18 ./core/src/system_stm32f1xx.o
 .debug_ranges  0x0000000000000038       0xd0 ./hal/stm32f1xx_hal_driver/src/stm32f1xx_hal.o
 .debug_ranges  0x0000000000000108       0xf0 ./hal/stm32f1xx_hal_driver/src/stm32f1xx_hal_cortex.o
 .debug_ranges  0x00000000000001f8       0x20 ./startup/startup_stm32f103xb.o

.debug_macro    0x0000000000000000    0x12d68
 .debug_macro   0x0000000000000000      0x1ae ./core/src/main.o
 .debug_macro   0x00000000000001ae      0xa6c ./core/src/main.o
 .debug_macro   0x0000000000000c1a      0x24a ./core/src/main.o
 .debug_macro   0x0000000000000e64       0x2e ./core/src/main.o
 .debug_macro   0x0000000000000e92       0x22 ./core/src/main.o
 .debug_macro   0x0000000000000eb4       0x22 ./core/src/main.o
 .debug_macro   0x0000000000000ed6       0x8e ./core/src/main.o
 .debug_macro   0x0000000000000f64       0x51 ./core/src/main.o
 .debug_macro   0x0000000000000fb5      0x103 ./core/src/main.o
 .debug_macro   0x00000000000010b8       0x6a ./core/src/main.o
 .debug_macro   0x0000000000001122      0x1df ./core/src/main.o
 .debug_macro   0x0000000000001301       0x1c ./core/src/main.o
 .debug_macro   0x000000000000131d       0x22 ./core/src/main.o
 .debug_macro   0x000000000000133f       0xbd ./core/src/main.o
 .debug_macro   0x00000000000013fc      0xd23 ./core/src/main.o
 .debug_macro   0x000000000000211f     0xe09e ./core/src/main.o
 .debug_macro   0x00000000000101bd       0x6d ./core/src/main.o
 .debug_macro   0x000000000001022a      0x174 ./core/src/main.o
 .debug_macro   0x000000000001039e       0x5c ./core/src/main.o
 .debug_macro   0x00000000000103fa      0x5be ./core/src/main.o
 .debug_macro   0x00000000000109b8      0x289 ./core/src/main.o
 .debug_macro   0x0000000000010c41      0x1cb ./core/src/main.o
 .debug_macro   0x0000000000010e0c      0x114 ./core/src/main.o
 .debug_macro   0x0000000000010f20      0x1b2 ./core/src/main.o
 .debug_macro   0x00000000000110d2       0x27 ./core/src/main.o
 .debug_macro   0x00000000000110f9      0x136 ./core/src/main.o
 .debug_macro   0x000000000001122f      0x1bc ./core/src/main.o
 .debug_macro   0x00000000000113eb       0x34 ./core/src/main.o
 .debug_macro   0x000000000001141f       0x3c ./core/src/main.o
 .debug_macro   0x000000000001145b       0x57 ./core/src/main.o
 .debug_macro   0x00000000000114b2       0x88 ./core/src/main.o
 .debug_macro   0x000000000001153a      0x241 ./core/src/main.o
 .debug_macro   0x000000000001177b      0x141 ./core/src/main.o
 .debug_macro   0x00000000000118bc      0x8d1 ./core/src/main.o
 .debug_macro   0x000000000001218d      0x279 ./core/src/main.o
 .debug_macro   0x0000000000012406      0x217 ./core/src/main.o
 .debug_macro   0x000000000001261d       0x83 ./core/src/main.o
 .debug_macro   0x00000000000126a0      0x1b8 ./core/src/stm32f1xx_it.o
 .debug_macro   0x0000000000012858      0x1a4 ./core/src/system_stm32f1xx.o
 .debug_macro   0x00000000000129fc      0x1c8 ./hal/stm32f1xx_hal_driver/src/stm32f1xx_hal.o
 .debug_macro   0x0000000000012bc4      0x1a4 ./hal/stm32f1xx_hal_driver/src/stm32f1xx_hal_cortex.o

.debug_line     0x0000000000000000     0x290c
 .debug_line    0x0000000000000000      0x69b ./core/src/main.o
 .debug_line    0x000000000000069b      0x6b1 ./core/src/stm32f1xx_it.o
 .debug_line    0x0000000000000d4c      0x702 ./core/src/system_stm32f1xx.o
 .debug_line    0x000000000000144e      0x92b ./hal/stm32f1xx_hal_driver/src/stm32f1xx_hal.o
 .debug_line    0x0000000000001d79      0xb13 ./hal/stm32f1xx_hal_driver/src/stm32f1xx_hal_cortex.o
 .debug_line    0x000000000000288c       0x80 ./startup/startup_stm32f103xb.o

.debug_str      0x0000000000000000    0x6d6f7
 .debug_str     0x0000000000000000    0x6cbdc ./core/src/main.o
                                      0x6ce64 (size before relaxing)
 .debug_str     0x000000000006cbdc       0x4c ./core/src/stm32f1xx_it.o
                                      0x6ce57 (size before relaxing)
 .debug_str     0x000000000006cc28       0xd2 ./core/src/system_stm32f1xx.o
                                      0x6cee7 (size before relaxing)
 .debug_str     0x000000000006ccfa      0x6e7 ./hal/stm32f1xx_hal_driver/src/stm32f1xx_hal.o
                                      0x6d616 (size before relaxing)
 .debug_str     0x000000000006d3e1      0x2e7 ./hal/stm32f1xx_hal_driver/src/stm32f1xx_hal_cortex.o
                                      0x6d562 (size before relaxing)
 .debug_str     0x000000000006d6c8       0x2f ./startup/startup_stm32f103xb.o
                                         0x50 (size before relaxing)

.comment        0x0000000000000000       0x50
 .comment       0x0000000000000000       0x50 ./core/src/main.o
                                         0x51 (size before relaxing)
 .comment       0x0000000000000050       0x51 ./core/src/stm32f1xx_it.o
 .comment       0x0000000000000050       0x51 ./core/src/system_stm32f1xx.o
 .comment       0x0000000000000050       0x51 ./hal/stm32f1xx_hal_driver/src/stm32f1xx_hal.o
 .comment       0x0000000000000050       0x51 ./hal/stm32f1xx_hal_driver/src/stm32f1xx_hal_cortex.o

.debug_frame    0x0000000000000000      0x838
 .debug_frame   0x0000000000000000       0x2c ./core/src/main.o
 .debug_frame   0x000000000000002c       0x2c ./core/src/stm32f1xx_it.o
 .debug_frame   0x0000000000000058       0x58 ./core/src/system_stm32f1xx.o
 .debug_frame   0x00000000000000b0      0x334 ./hal/stm32f1xx_hal_driver/src/stm32f1xx_hal.o
 .debug_frame   0x00000000000003e4      0x428 ./hal/stm32f1xx_hal_driver/src/stm32f1xx_hal_cortex.o
 .debug_frame   0x000000000000080c       0x2c c:/st/stm32cubeide_1.11.2/stm32cubeide/plugins/com.st.stm32cube.ide.mcu.externaltools.gnu-tools-for-stm32.10.3-2021.10.win32_1.0.200.202301161003/tools/bin/../lib/gcc/arm-none-eabi/10.3.1/../../../../arm-none-eabi/lib/thumb/v7-m/nofp\libc_nano.a(lib_a-init.o)
